// Jest Snapshot v1, https://goo.gl/fbAQLP

exports[`ProductCard tests It renders correctly 1`] = `undefined`;
